[mediafire.com.de/com-dts-freefiremax.html]
[mediafire.com.de/static/css/mf_round.svg]
[backblue.gif]
[fade.gif]
[index.html]
[mediafire.com.de/images/file.jpg]
[mediafire.com.de/static/css/main.css]
[d2bb5k76l7oivo.cloudfront.net/0bf745d.js]
[mediafire.com.de/about/jobs.php]
[mediafire.com.de/about/index.html]
[mediafire.com.de/software/index.php]
[mediafire.com.de/press/index.html]
[mediafire.com.de/upgrade/indexb9b2.php]
[mediafire.com.de/software/mobile/index.html]
[mediafire.com.de/policies/terms_of_service.php]
[mediafire.com.de/upgrade/index.html]
[mediafire.com.de/policies/privacy_policy.php]
[mediafire.com.de/policy_violation/copyright.php]
[mediafire.com.de/advertising/index.html]
[mediafire.com.de/policy_violation/terms_of_service.php]
[mediafire.com.de/com-dts-freefiremax.html]
[mediafire.com.de/static/css/mf_round.svg]
[mediafire.com.de/images/file.html]
[www.mediafire.com/images/icons/warning-triangle.png]
[mediafire.com.de/credits/index.html]
[mediafire.com.de/images/icons/svg_dark/arrow_dropdown.svg]
[mediafire.com.de/images/icons/svg_light/arrow_dropdown.svg]
[mediafire.com.de/images/flags_svg/usa.svg]
[mediafire.com.de/images/flags_svg/zaf.svg]
[mediafire.com.de/images/flags_svg/alb.svg]
[mediafire.com.de/images/flags_svg/eth.svg]
[mediafire.com.de/images/flags_svg/egy.svg]
[mediafire.com.de/images/flags_svg/arm.svg]
[mediafire.com.de/images/flags_svg/aze.svg]
[mediafire.com.de/images/flags_svg/basque_country.svg]
[mediafire.com.de/images/flags_svg/blr.svg]
[mediafire.com.de/images/flags_svg/bgd.svg]
[mediafire.com.de/images/flags_svg/bih.svg]
[mediafire.com.de/images/flags_svg/bgr.svg]
[mediafire.com.de/images/flags_svg/and.svg]
[mediafire.com.de/images/flags_svg/phl.svg]
[mediafire.com.de/images/flags_svg/mwi.svg]
[mediafire.com.de/images/flags_svg/chn.svg]
[mediafire.com.de/images/flags_svg/hkg.svg]
[mediafire.com.de/images/flags_svg/fra.svg]
[mediafire.com.de/images/flags_svg/hrv.svg]
[mediafire.com.de/images/flags_svg/cze.svg]
[mediafire.com.de/images/flags_svg/dnk.svg]
[mediafire.com.de/images/flags_svg/nld.svg]
[mediafire.com.de/images/flags_svg/esperanto.svg]
[mediafire.com.de/images/flags_svg/est.svg]
[mediafire.com.de/images/flags_svg/fin.svg]
[mediafire.com.de/images/flags_svg/esp.svg]
[mediafire.com.de/images/flags_svg/geo.svg]
[mediafire.com.de/images/flags_svg/deu.svg]
[mediafire.com.de/images/flags_svg/grc.svg]
[mediafire.com.de/images/flags_svg/ind.svg]
[mediafire.com.de/images/flags_svg/hti.svg]
[mediafire.com.de/images/flags_svg/ner.svg]
[mediafire.com.de/images/flags_svg/isr.svg]
[mediafire.com.de/images/flags_svg/hun.svg]
[mediafire.com.de/images/flags_svg/isl.svg]
[mediafire.com.de/images/flags_svg/nga.svg]
[mediafire.com.de/images/flags_svg/idn.svg]
[mediafire.com.de/images/flags_svg/irl.svg]
[mediafire.com.de/images/flags_svg/ita.svg]
[mediafire.com.de/images/flags_svg/jpn.svg]
[mediafire.com.de/images/flags_svg/kaz.svg]
[mediafire.com.de/images/flags_svg/khm.svg]
[mediafire.com.de/images/flags_svg/kor.svg]
[mediafire.com.de/images/flags_svg/tur.svg]
[mediafire.com.de/images/flags_svg/kgz.svg]
[mediafire.com.de/images/flags_svg/lao.svg]
[mediafire.com.de/images/flags_svg/vat.svg]
[mediafire.com.de/images/flags_svg/lva.svg]
[mediafire.com.de/images/flags_svg/ltu.svg]
[mediafire.com.de/images/flags_svg/lux.svg]
[mediafire.com.de/images/flags_svg/mkd.svg]
[mediafire.com.de/images/flags_svg/mdg.svg]
[mediafire.com.de/images/flags_svg/mys.svg]
[mediafire.com.de/images/flags_svg/mlt.svg]
[mediafire.com.de/images/flags_svg/nzl.svg]
[mediafire.com.de/images/flags_svg/mng.svg]
[mediafire.com.de/images/flags_svg/mmr.svg]
[mediafire.com.de/images/flags_svg/nor.svg]
[mediafire.com.de/images/flags_svg/afg.svg]
[mediafire.com.de/images/flags_svg/irn.svg]
[mediafire.com.de/images/flags_svg/pol.svg]
[mediafire.com.de/images/flags_svg/prt.svg]
[mediafire.com.de/images/flags_svg/rou.svg]
[mediafire.com.de/images/flags_svg/rus.svg]
[mediafire.com.de/images/flags_svg/wsm.svg]
[mediafire.com.de/images/flags_svg/sco.svg]
[mediafire.com.de/images/flags_svg/srb.svg]
[mediafire.com.de/images/flags_svg/zwe.svg]
[mediafire.com.de/images/flags_svg/lka.svg]
[mediafire.com.de/images/flags_svg/svk.svg]
[mediafire.com.de/images/flags_svg/svn.svg]
[mediafire.com.de/images/flags_svg/som.svg]
[mediafire.com.de/images/flags_svg/uga.svg]
[mediafire.com.de/images/flags_svg/swe.svg]
[mediafire.com.de/images/flags_svg/tjk.svg]
[mediafire.com.de/images/flags_svg/tha.svg]
[mediafire.com.de/images/flags_svg/ukr.svg]
[mediafire.com.de/images/flags_svg/pak.svg]
[mediafire.com.de/images/flags_svg/uzb.svg]
[mediafire.com.de/images/flags_svg/vnm.svg]
[mediafire.com.de/images/flags_svg/wal.svg]
[static.mediafire.com/images/backgrounds/download/social/fb_16x16.png]
[static.mediafire.com/images/v4images/backgrounds/mflogo_footer.png]
[static.mediafire.com/images/backgrounds/footer/social/footerIcons.png]
[static.mediafire.com/images/backgrounds/download/dl_promo_logo.png]
[static.mediafire.com/images/backgrounds/download/apps_list_sprite-v6.png]
[mediafire.com.de/static/css/check_circle_green.svg]
[mediafire.com.de/static/css/virustotal.png]
[mediafire.com.de/static/css/dt.svg]
[mediafire.com.de/static/css/gh.svg]
[mediafire.com.de/static/css/images/flag-usa.png]
[static.mediafire.com/images/filetype/file-default-v3.png]
[static.mediafire.com/images/filetype/file-img-v3.png]
[static.mediafire.com/images/filetype/new/file-swf.png]
[static.mediafire.com/images/filetype/file-app-v3.png]
[mediafire.com.de/static/css/file-zip-v3.png]
[static.mediafire.com/images/filetype/new/file-iso.png]
[static.mediafire.com/images/filetype/file-music-v3.png]
[static.mediafire.com/images/filetype/file-video-v3.png]
[static.mediafire.com/images/filetype/file-doc-v3.png]
[static.mediafire.com/images/filetype/new/file-txt.png]
[static.mediafire.com/images/filetype/new/file-xls.png]
[static.mediafire.com/images/filetype/new/file-ppt.png]
[static.mediafire.com/images/filetype/new/file-pdf.png]
[static.mediafire.com/images/filetype/new/file-ai.png]
[static.mediafire.com/images/filetype/new/file-psd.png]
[static.mediafire.com/images/filetype/new/file-ttf.png]
[static.mediafire.com/images/filetype/new/file-html.png]
[static.mediafire.com/images/filetype/new/file-php.png]
[static.mediafire.com/images/filetype/new/file-css.png]
[mediafire.com.de/static/css/main.css]
[mediafire.com.de/about/index.html]
[mediafire.com.de/about/jobs.html]
[mediafire.com.de/press/index.html]
[mediafire.com.de/software/index.html]
[mediafire.com.de/software/mobile/index.html]
[mediafire.com.de/upgrade/index.html]
[mediafire.com.de/upgrade/indexb9b2.html]
[mediafire.com.de/advertising/index.html]
[mediafire.com.de/policies/terms_of_service.html]
[mediafire.com.de/policies/privacy_policy.html]
[mediafire.com.de/policy_violation/copyright.html]
[mediafire.com.de/policy_violation/terms_of_service.html]
[mediafire.com.de/credits/index.html]
[mediafire.com.de/images/icons/svg_dark/arrow_dropdown.html]
[mediafire.com.de/images/icons/svg_light/arrow_dropdown.html]
[mediafire.com.de/images/flags_svg/usa.html]
[mediafire.com.de/images/flags_svg/zaf.html]
[mediafire.com.de/images/flags_svg/alb.html]
[mediafire.com.de/images/flags_svg/eth.html]
[mediafire.com.de/images/flags_svg/egy.html]
[mediafire.com.de/images/flags_svg/arm.html]
[mediafire.com.de/images/flags_svg/aze.html]
[mediafire.com.de/images/flags_svg/basque_country.html]
[mediafire.com.de/images/flags_svg/blr.html]
[mediafire.com.de/images/flags_svg/bgd.html]
[mediafire.com.de/images/flags_svg/bih.html]
[mediafire.com.de/images/flags_svg/bgr.html]
[mediafire.com.de/images/flags_svg/and.html]
[mediafire.com.de/images/flags_svg/phl.html]
[mediafire.com.de/images/flags_svg/mwi.html]
[mediafire.com.de/images/flags_svg/chn.html]
[mediafire.com.de/images/flags_svg/hkg.html]
[mediafire.com.de/images/flags_svg/fra.html]
[mediafire.com.de/images/flags_svg/hrv.html]
[mediafire.com.de/images/flags_svg/cze.html]
[mediafire.com.de/images/flags_svg/dnk.html]
[mediafire.com.de/images/flags_svg/nld.html]
[mediafire.com.de/images/flags_svg/esperanto.html]
[mediafire.com.de/images/flags_svg/est.html]
[mediafire.com.de/images/flags_svg/fin.html]
[mediafire.com.de/images/flags_svg/esp.html]
[mediafire.com.de/images/flags_svg/geo.html]
[mediafire.com.de/images/flags_svg/deu.html]
[mediafire.com.de/images/flags_svg/grc.html]
[mediafire.com.de/images/flags_svg/ind.html]
[mediafire.com.de/images/flags_svg/hti.html]
[mediafire.com.de/images/flags_svg/ner.html]
[mediafire.com.de/images/flags_svg/isr.html]
[mediafire.com.de/images/flags_svg/hun.html]
[mediafire.com.de/images/flags_svg/isl.html]
[mediafire.com.de/images/flags_svg/nga.html]
[mediafire.com.de/images/flags_svg/idn.html]
[mediafire.com.de/images/flags_svg/irl.html]
[mediafire.com.de/images/flags_svg/ita.html]
[mediafire.com.de/images/flags_svg/jpn.html]
[mediafire.com.de/images/flags_svg/kaz.html]
[mediafire.com.de/images/flags_svg/khm.html]
[mediafire.com.de/images/flags_svg/kor.html]
[mediafire.com.de/images/flags_svg/tur.html]
[mediafire.com.de/images/flags_svg/kgz.html]
[mediafire.com.de/images/flags_svg/lao.html]
[mediafire.com.de/images/flags_svg/vat.html]
[mediafire.com.de/images/flags_svg/lva.html]
[mediafire.com.de/images/flags_svg/ltu.html]
[mediafire.com.de/images/flags_svg/lux.html]
[mediafire.com.de/images/flags_svg/mkd.html]
[mediafire.com.de/images/flags_svg/mdg.html]
[mediafire.com.de/images/flags_svg/mys.html]
[mediafire.com.de/images/flags_svg/mlt.html]
[mediafire.com.de/images/flags_svg/nzl.html]
[mediafire.com.de/images/flags_svg/mng.html]
[mediafire.com.de/images/flags_svg/mmr.html]
[mediafire.com.de/images/flags_svg/nor.html]
[mediafire.com.de/images/flags_svg/afg.html]
[mediafire.com.de/images/flags_svg/irn.html]
[mediafire.com.de/images/flags_svg/pol.html]
[mediafire.com.de/images/flags_svg/prt.html]
[mediafire.com.de/images/flags_svg/rou.html]
[mediafire.com.de/images/flags_svg/rus.html]
[mediafire.com.de/images/flags_svg/wsm.html]
[mediafire.com.de/images/flags_svg/sco.html]
[mediafire.com.de/images/flags_svg/srb.html]
[mediafire.com.de/images/flags_svg/zwe.html]
[mediafire.com.de/images/flags_svg/lka.html]
[mediafire.com.de/images/flags_svg/svk.html]
[mediafire.com.de/images/flags_svg/svn.html]
[mediafire.com.de/images/flags_svg/som.html]
[mediafire.com.de/images/flags_svg/uga.html]
[mediafire.com.de/images/flags_svg/swe.html]
[mediafire.com.de/images/flags_svg/tjk.html]
[mediafire.com.de/images/flags_svg/tha.html]
[mediafire.com.de/images/flags_svg/ukr.html]
[mediafire.com.de/images/flags_svg/pak.html]
[mediafire.com.de/images/flags_svg/uzb.html]
[mediafire.com.de/images/flags_svg/vnm.html]
[mediafire.com.de/images/flags_svg/wal.html]
[mediafire.com.de/static/css/check_circle_green.svg]
[mediafire.com.de/static/css/dt.html]
[mediafire.com.de/static/css/gh.html]
[mediafire.com.de/upgrade.html]
